// Jest Snapshot v1, https://goo.gl/fbAQLP

exports[`should render ExpenseListItem 1`] = `
<div>
  <[object Object]
    to="edit/1"
  >
    <h3>
      copy
    </h3>
  </[object Object]>
  <p>
    300
     - 
    -345600000
     
  </p>
</div>
`;
